==============================================================================
FLOTA: SINTONIA AUDITABLE + COMPARACION A COMPUTO GASTADO
==============================================================================

  barrido de sintonia en semillas (100, 101, 102), presupuestos (24, 32, 48), rho=0
  objetivo = suma sobre B del hueco relativo medio frente a la frontera a computo gastado (la metrica de evaluacion; menor es mejor)
     tau       0.9       0.6       0.3       0.1      0.03      0.01     1e-06
     3.0     -3.88     -2.24     -0.36     -7.58     -8.41     -8.47     -8.51
     4.5     -5.95     -4.63     -4.38    -11.23    -11.77    -11.90    -11.93
     6.0     -7.41     -6.12     -7.27    -14.00    -14.38    -14.51    -14.55
     8.0     -8.36     -7.51     -9.82    -16.39    -16.94    -16.92    -16.90
    11.0     -9.41     -9.53    -11.79    -18.35    -18.96    -19.10    -19.09
    15.0    -10.07    -10.42    -13.83    -19.47    -20.00    -20.17    -20.16
    22.0    -10.74    -11.59    -15.88    -20.76    -21.29    -21.47    -21.47
    30.0    -10.83    -11.94    -17.12    -20.92    -21.50    -21.56    -21.64
    40.0    -10.36    -12.16    -17.24    -20.76    -21.25    -21.32    -21.35
    55.0     -9.43    -12.18    -16.95    -19.85    -20.14    -20.22    -20.30

  optimo del barrido: tau=30.0, a_ref=1e-06  (hueco acumulado -21.64%)
  tau interior a la rejilla: True
  coste monotono no creciente al bajar a_ref: True
  MESETA en a_ref <= 0.03: dispersion relativa -0.65% (plana: el borde es inmaterial)

------------------------------------------------------------------------------
  rho=0  (INDEPENDIENTES)
------------------------------------------------------------------------------
       B  comp.real  coste gob  frontera      dif       t         p
      16       16.0     3318.0    3316.9   +0.03%  -12.87  3.98e-06  *
      24       26.0     2813.7    2993.3   -6.00%   12.42  5.05e-06  *
      32       35.2     2567.4    2731.7   -6.02%   16.07  8.77e-07  *
      40       41.1     2470.3    2597.6   -4.90%   11.54  8.25e-06  *
      48       42.9     2443.0    2568.2   -4.88%   12.47  4.92e-06  *
      64       43.1     2439.7    2564.0   -4.85%   12.29  5.40e-06  *
      96       43.1     2439.7    2564.0   -4.85%   12.29  5.40e-06  *
     128       43.1     2439.7    2564.0   -4.85%   12.29  5.40e-06  *
  gana significativamente en 7/8 puntos

------------------------------------------------------------------------------
  rho=1  (FRENTE COMUN)
------------------------------------------------------------------------------
       B  comp.real  coste gob  frontera      dif       t         p
      16       16.0     5006.2    5004.4   +0.03%   -7.96  9.42e-05  *
      24       23.8     4589.2    4598.9   -0.21%    1.26  2.49e-01  
      32       29.1     4208.1    4343.1   -3.11%    6.10  4.92e-04  *
      40       33.5     3912.2    4149.1   -5.71%    7.55  1.32e-04  *
      48       37.3     3750.3    4003.0   -6.31%    7.72  1.15e-04  *
      64       43.1     3645.1    3829.1   -4.81%    6.41  3.64e-04  *
      96       48.2     3638.1    3715.7   -2.09%    2.86  2.42e-02  *
     128       48.3     3638.1    3714.8   -2.07%    2.76  2.82e-02  *
  gana significativamente en 6/8 puntos

escrito E:\ARTICULOS-CIENTIFICOS\NewMPC\code\results\fleet3.json
