==============================================================================
FLOTA DE M=8 LAZOS: COMPARACION SOBRE EL COMPUTO REALMENTE GASTADO
==============================================================================
  el gobernador paga tambien el solve del instrumento cuando el
  horizonte cambia; comparar por presupuesto NOMINAL le regalaba
  entre un 18% y un 26% de computo

  sintonia del gobernador (semillas 100-102): tau=8.0, a_ref=0.3

------------------------------------------------------------------------------
  perturbaciones INDEPENDIENTES (rho=0)
------------------------------------------------------------------------------
  frontera de horizonte fijo: N=2(16,3318), N=3(24,3054), N=4(32,2810), N=5(40,2615), N=6(48,2486) ...

   presup.  computo real  coste gob.  frontera ahi  diferencia
        16          16.0      3318.0        3316.9      +0.03%
        24          28.8      2822.8        2906.7      -2.89%   gana el gobernador
        32          40.1      2548.4        2613.6      -2.49%   gana el gobernador
        40          50.1      2456.2        2469.1      -0.53%   gana el gobernador
        48          56.4      2422.7        2418.9      +0.16%
        64          60.2      2408.0        2389.5      +0.77%
        96          60.5      2407.0        2386.8      +0.85%
       128          60.5      2407.0        2386.8      +0.85%

  gana en 3/8 puntos | mejor -2.89% con computo 29

------------------------------------------------------------------------------
  perturbaciones FRENTE COMUN (rho=1)
------------------------------------------------------------------------------
  frontera de horizonte fijo: N=2(16,5006), N=3(24,4589), N=4(32,4205), N=5(40,3900), N=6(48,3718) ...

   presup.  computo real  coste gob.  frontera ahi  diferencia
        16          16.0      5006.2        5004.4      +0.03%
        24          25.2      4589.0        4533.8      +1.22%
        32          31.6      4229.3        4226.2      +0.07%
        40          35.5      3950.0        4071.5      -2.98%   gana el gobernador
        48          39.1      3792.7        3933.4      -3.58%   gana el gobernador
        64          45.7      3662.2        3769.7      -2.85%   gana el gobernador
        96          58.5      3622.6        3600.5      +0.61%
       128          66.1      3622.2        3528.8      +2.65%

  gana en 3/8 puntos | mejor -3.58% con computo 39

==============================================================================
LECTURA
==============================================================================
  independientes: gana en 3/8 puntos
  frente comun  : gana en 3/8 puntos

escrito E:\ARTICULOS-CIENTIFICOS\NewMPC\code\results\fleet2.json
