==============================================================================
BANCO DE INVERNADERO CON PRECIO HORARIO
==============================================================================
planta      : invernadero, N = 8, muestreo 1 h
              constantes de tiempo: [1.2, 41.6] h
terminal    : Kf = [[-0.2366, -0.2108]], Omega con 4 filas
igualacion  : w0=0.55 zeta=0.6 -> |H| Nyquist = 0.018869, tau = 26.9985
demanda     : a_d(t) = 1/(1 + 12.0*precio(t))   [DEDUCIDA, no inventada]
metrica     : coste real en euros = precio*energia + desviacion^2
semillas    : 10   horizonte de simulacion: 96 h (4 dias)

### A_nominal
  regulador          err_demanda            coste  bloqueos
  orden-0        0.2042+-0.0207       2.23+-0.02       68.3
  orden-1        0.0895+-0.0015       2.16+-0.00        2.7
  orden-2        0.1606+-0.0177       2.20+-0.01       50.4
  congelado      0.0881+-0.0000       2.17+-0.00        0.0

### B_invierno
  regulador          err_demanda            coste  bloqueos
  orden-0        0.2042+-0.0207       3.71+-0.03       68.3
  orden-1        0.0895+-0.0015       3.58+-0.00        2.7
  orden-2        0.1606+-0.0177       3.65+-0.02       50.4
  congelado      0.0881+-0.0000       3.59+-0.00        0.0

### C_OOD_modelo
  regulador          err_demanda            coste  bloqueos
  orden-0        0.1580+-0.0301       2.25+-0.33       55.5
  orden-1        0.0872+-0.0014       2.40+-0.43        1.5
  orden-2        0.1337+-0.0184       2.28+-0.36       34.1
  congelado      0.0881+-0.0000       2.42+-0.43        0.0

### D_precio_volatil
  regulador          err_demanda            coste  bloqueos
  orden-0        0.1896+-0.0260       2.28+-0.33       58.9
  orden-1        0.1064+-0.0018       2.52+-0.48        1.2
  orden-2        0.1627+-0.0143       2.33+-0.37       38.7
  congelado      0.1197+-0.0000       2.62+-0.51        0.0

==============================================================================
CONTRASTES PAREADOS POR SEMILLA  (coste = EUROS; delta>0 => gana el primero)

--- coste  (delta > 0 => gana el primero; Holm sobre la familia)
  A_nominal:orden-2 vs orden-1      coste        delta=  -0.0342+-0.0042   t=  -8.15 p=0.0000 p_holm=0.0002 *
  A_nominal:orden-2 vs orden-0      coste        delta=  +0.0351+-0.0044   t=  +7.90 p=0.0000 p_holm=0.0003 *
  A_nominal:orden-2 vs congelado    coste        delta=  -0.0253+-0.0042   t=  -6.09 p=0.0002 p_holm=0.0015 *
  A_nominal:orden-1 vs congelado    coste        delta=  +0.0088+-0.0004   t= +21.06 p=0.0000 p_holm=0.0000 *
  B_invierno:orden-2 vs orden-1      coste        delta=  -0.0654+-0.0071   t=  -9.19 p=0.0000 p_holm=0.0001 *
  B_invierno:orden-2 vs orden-0      coste        delta=  +0.0580+-0.0073   t=  +7.89 p=0.0000 p_holm=0.0003 *
  B_invierno:orden-2 vs congelado    coste        delta=  -0.0596+-0.0071   t=  -8.43 p=0.0000 p_holm=0.0002 *
  B_invierno:orden-1 vs congelado    coste        delta=  +0.0058+-0.0007   t=  +7.97 p=0.0000 p_holm=0.0003 *
  C_OOD_modelo:orden-2 vs orden-1      coste        delta=  +0.1221+-0.0327   t=  +3.73 p=0.0047 p_holm=0.0187 *
  C_OOD_modelo:orden-2 vs orden-0      coste        delta=  -0.0301+-0.0141   t=  -2.14 p=0.0615 p_holm=0.0615
  C_OOD_modelo:orden-2 vs congelado    coste        delta=  +0.1419+-0.0326   t=  +4.36 p=0.0018 p_holm=0.0110 *
  C_OOD_modelo:orden-1 vs congelado    coste        delta=  +0.0198+-0.0069   t=  +2.86 p=0.0188 p_holm=0.0376 *
  D_precio_volatil:orden-2 vs orden-1      coste        delta=  +0.1837+-0.0458   t=  +4.01 p=0.0031 p_holm=0.0153 *
  D_precio_volatil:orden-2 vs orden-0      coste        delta=  -0.0497+-0.0160   t=  -3.12 p=0.0124 p_holm=0.0371 *
  D_precio_volatil:orden-2 vs congelado    coste        delta=  +0.2867+-0.0567   t=  +5.06 p=0.0007 p_holm=0.0048 *
  D_precio_volatil:orden-1 vs congelado    coste        delta=  +0.1029+-0.0134   t=  +7.68 p=0.0000 p_holm=0.0003 *

--- err_demanda  (delta > 0 => gana el primero; Holm sobre la familia)
  A_nominal:orden-2 vs orden-1      err_demanda  delta=  -0.0711+-0.0055   t= -13.01 p=0.0000 p_holm=0.0000 *
  A_nominal:orden-2 vs orden-0      err_demanda  delta=  +0.0436+-0.0054   t=  +8.05 p=0.0000 p_holm=0.0002 *
  A_nominal:orden-2 vs congelado    err_demanda  delta=  -0.0724+-0.0056   t= -12.91 p=0.0000 p_holm=0.0000 *
  A_nominal:orden-1 vs congelado    err_demanda  delta=  -0.0014+-0.0005   t=  -2.96 p=0.0160 p_holm=0.0634
  B_invierno:orden-2 vs orden-1      err_demanda  delta=  -0.0711+-0.0055   t= -13.01 p=0.0000 p_holm=0.0000 *
  B_invierno:orden-2 vs orden-0      err_demanda  delta=  +0.0436+-0.0054   t=  +8.05 p=0.0000 p_holm=0.0002 *
  B_invierno:orden-2 vs congelado    err_demanda  delta=  -0.0724+-0.0056   t= -12.91 p=0.0000 p_holm=0.0000 *
  B_invierno:orden-1 vs congelado    err_demanda  delta=  -0.0014+-0.0005   t=  -2.96 p=0.0160 p_holm=0.0634
  C_OOD_modelo:orden-2 vs orden-1      err_demanda  delta=  -0.0466+-0.0056   t=  -8.32 p=0.0000 p_holm=0.0001 *
  C_OOD_modelo:orden-2 vs orden-0      err_demanda  delta=  +0.0243+-0.0082   t=  +2.96 p=0.0158 p_holm=0.0634
  C_OOD_modelo:orden-2 vs congelado    err_demanda  delta=  -0.0456+-0.0058   t=  -7.84 p=0.0000 p_holm=0.0002 *
  C_OOD_modelo:orden-1 vs congelado    err_demanda  delta=  +0.0009+-0.0005   t=  +2.09 p=0.0665 p_holm=0.0665
  D_precio_volatil:orden-2 vs orden-1      err_demanda  delta=  -0.0562+-0.0044   t= -12.69 p=0.0000 p_holm=0.0000 *
  D_precio_volatil:orden-2 vs orden-0      err_demanda  delta=  +0.0269+-0.0078   t=  +3.46 p=0.0072 p_holm=0.0359 *
  D_precio_volatil:orden-2 vs congelado    err_demanda  delta=  -0.0429+-0.0045   t=  -9.51 p=0.0000 p_holm=0.0001 *
  D_precio_volatil:orden-1 vs congelado    err_demanda  delta=  +0.0133+-0.0006   t= +23.86 p=0.0000 p_holm=0.0000 *

==============================================================================
AHORRO FRENTE AL PESO CONGELADO (%)  --  positivo = mas barato
  escenario              orden-0   orden-1   orden-2
  A_nominal               -2.78%     0.41%    -1.16%
  B_invierno              -3.27%     0.16%    -1.66%
  C_OOD_modelo             7.10%     0.82%     5.86%
  D_precio_volatil        12.83%     3.93%    10.94%

tiempo: 168.4s
escrito E:\ARTICULOS-CIENTIFICOS\NewMPC\code\results\greenhouse.json
