==============================================================================
BANCO PRINCIPAL DEL GHI
==============================================================================
planta      : conflicto, N = 5
terminal    : Kf = [[-0.4841, -1.0077]], Omega con 8 filas
igualacion  : w0=0.9 zeta=0.5 -> |H| en Nyquist = 0.092173, tau = 5.9246
              (EN DISCRETO; igualar en continuo daba un desajuste de 1.69x)
anti-windup : theta = 0.5 (fraccion de velocidad conservada al bloquear)
semillas    : 10

### A_cuasiestatico
  regulador          err_demanda            coste  bloqueos
  orden-0        0.1435+-0.0084      30.41+-1.25        1.9
  orden-1        0.0479+-0.0128      31.52+-1.42        0.6
  orden-2        0.0958+-0.0094      31.18+-1.29        1.0
  congelado      0.2500+-0.0000      54.64+-0.00        0.0

### B_periodico
  regulador          err_demanda            coste  bloqueos
  orden-0        0.1395+-0.0143      71.98+-5.23        2.1
  orden-1        0.2018+-0.0111      60.38+-2.60        0.1
  orden-2        0.1047+-0.0094      72.09+-6.31        0.8
  congelado      0.2475+-0.0000      56.78+-0.00        0.0

### C_OOD
  regulador          err_demanda            coste  bloqueos
  orden-0        0.1416+-0.0064     108.67+-13.75       2.0
  orden-1        0.1941+-0.0064      86.04+-5.21        0.2
  orden-2        0.1005+-0.0140     106.37+-12.47       1.4
  congelado      0.2475+-0.0000      81.06+-5.94        0.0

### D_OOD_fuerte
  regulador          err_demanda            coste  bloqueos
  orden-0        0.1535+-0.0262     170.86+-37.74       2.5
  orden-1        0.2173+-0.0067     125.85+-13.62       0.2
  orden-2        0.1554+-0.0231     170.25+-39.63       2.2
  congelado      0.2459+-0.0000     119.32+-16.27       0.0

==============================================================================
CONTRASTES PAREADOS POR SEMILLA

--- err_demanda  (delta > 0 => gana el primero; Holm sobre la familia)
  A_cuasiestatico:orden-2 vs orden-1      err_demanda  delta=  -0.0479+-0.0033   t= -14.36 p=0.0000 p_holm=0.0000 *
  A_cuasiestatico:orden-2 vs orden-0      err_demanda  delta=  +0.0477+-0.0024   t= +19.85 p=0.0000 p_holm=0.0000 *
  A_cuasiestatico:orden-1 vs orden-0      err_demanda  delta=  +0.0956+-0.0038   t= +25.26 p=0.0000 p_holm=0.0000 *
  B_periodico:orden-2 vs orden-1      err_demanda  delta=  +0.0971+-0.0031   t= +31.59 p=0.0000 p_holm=0.0000 *
  B_periodico:orden-2 vs orden-0      err_demanda  delta=  +0.0348+-0.0041   t=  +8.40 p=0.0000 p_holm=0.0001 *
  B_periodico:orden-1 vs orden-0      err_demanda  delta=  -0.0623+-0.0053   t= -11.78 p=0.0000 p_holm=0.0000 *
  C_OOD:orden-2 vs orden-1      err_demanda  delta=  +0.0936+-0.0047   t= +20.08 p=0.0000 p_holm=0.0000 *
  C_OOD:orden-2 vs orden-0      err_demanda  delta=  +0.0410+-0.0046   t=  +8.84 p=0.0000 p_holm=0.0000 *
  C_OOD:orden-1 vs orden-0      err_demanda  delta=  -0.0526+-0.0033   t= -15.77 p=0.0000 p_holm=0.0000 *
  D_OOD_fuerte:orden-2 vs orden-1      err_demanda  delta=  +0.0619+-0.0075   t=  +8.27 p=0.0000 p_holm=0.0001 *
  D_OOD_fuerte:orden-2 vs orden-0      err_demanda  delta=  -0.0019+-0.0102   t=  -0.18 p=0.8585 p_holm=0.8585
  D_OOD_fuerte:orden-1 vs orden-0      err_demanda  delta=  -0.0638+-0.0080   t=  -7.94 p=0.0000 p_holm=0.0001 *

--- coste  (delta > 0 => gana el primero; Holm sobre la familia)
  A_cuasiestatico:orden-2 vs orden-1      coste        delta=  +0.3392+-0.2711   t=  +1.25 p=0.2423 p_holm=0.9693
  A_cuasiestatico:orden-2 vs orden-0      coste        delta=  -0.7708+-0.1401   t=  -5.50 p=0.0004 p_holm=0.0042 *
  A_cuasiestatico:orden-1 vs orden-0      coste        delta=  -1.1100+-0.2799   t=  -3.97 p=0.0033 p_holm=0.0164 *
  B_periodico:orden-2 vs orden-1      coste        delta= -11.7150+-2.2889   t=  -5.12 p=0.0006 p_holm=0.0061 *
  B_periodico:orden-2 vs orden-0      coste        delta=  -0.1077+-1.2187   t=  -0.09 p=0.9315 p_holm=1.0000
  B_periodico:orden-1 vs orden-0      coste        delta= +11.6074+-1.8469   t=  +6.28 p=0.0001 p_holm=0.0017 *
  C_OOD:orden-2 vs orden-1      coste        delta= -20.3224+-3.9519   t=  -5.14 p=0.0006 p_holm=0.0061 *
  C_OOD:orden-2 vs orden-0      coste        delta=  +2.2993+-1.9860   t=  +1.16 p=0.2768 p_holm=0.9693
  C_OOD:orden-1 vs orden-0      coste        delta= +22.6217+-4.5855   t=  +4.93 p=0.0008 p_holm=0.0065 *
  D_OOD_fuerte:orden-2 vs orden-1      coste        delta= -44.4006+-9.9144   t=  -4.48 p=0.0015 p_holm=0.0092 *
  D_OOD_fuerte:orden-2 vs orden-0      coste        delta=  +0.6091+-6.4465   t=  +0.09 p=0.9268 p_holm=1.0000
  D_OOD_fuerte:orden-1 vs orden-0      coste        delta= +45.0097+-9.5144   t=  +4.73 p=0.0011 p_holm=0.0075 *

tiempo: 84.0s
escrito E:\ARTICULOS-CIENTIFICOS\NewMPC\code\results\pilot.json
