E:\ARTICULOS-CIENTIFICOS\NewMPC\code\python\scripts\run_distributed.py:85: RuntimeWarning: Mean of empty slice
  "retraso": np.nanmean(L, 0).tolist(),
E:\ARTICULOS-CIENTIFICOS\NewMPC\code\python\scripts\run_distributed.py:91: RuntimeWarning: Mean of empty slice
  print(f"  {'retraso':>6}" + "".join(f"{v:>10.1f}" for v in np.nanmean(L, 0)))
==============================================================================
LEY DE ALCANCE, cadena de M=8 nodos (sin censura por longitud)
==============================================================================
  amplitud relativa transportada por salto, y alcance = ultimo salto
  cuya amplitud supera un paso de rejilla

   rejilla   paso D   perfil por salto (0..7)
        51   0.0200   1.0000 0.3400 0.1228 0.0427 0.0000 0.0000 0.0000 0.0000
       101   0.0100   1.0000 0.3406 0.1192 0.0458 0.0057 0.0000 0.0000 0.0000
       201   0.0050   1.0000 0.3406 0.1166 0.0398 0.0172 0.0000 0.0000 0.0000
       401   0.0025   1.0000 0.3397 0.1172 0.0407 0.0149 0.0056 0.0000 0.0000

  rho ajustado en nodos INTERIORES (saltos 1..5): 0.3582
  rho ajustado incluyendo el nodo FINAL: 0.3582  <- sesgado

     paso D  ley log D/log rho  floor  medido  censurado?
     0.0200               3.81      3       3          no  OK
     0.0100               4.49      4       4          no  OK
     0.0050               5.16      5       4          no  DISCREPA
     0.0025               5.84      5       5          no  OK

  puntos utilizables: 4/4 | la ley con suelo FALLA en alguno

escrito E:\ARTICULOS-CIENTIFICOS\NewMPC\code\results\reach_law.json
