E:\ARTICULOS-CIENTIFICOS\NewMPC\code\python\scripts\run_transport_matched.py:57: RuntimeWarning: overflow encountered in scalar multiply
  acc = ws * ws * (x[t] - y) - 2.0 * zs * ws * v
E:\ARTICULOS-CIENTIFICOS\NewMPC\code\python\scripts\run_transport_matched.py:58: RuntimeWarning: invalid value encountered in scalar add
  v += acc
==============================================================================
SINTONIA SIN BORDES (rejillas extendidas donde apretaban)
==============================================================================
  onda                 coste   47516.8 | D=0.0 a_hi=1.0 a_lo=0.0 c=0.15 gain=2.0 gamma=1.0 shift=-9 w0=0.15 zeta=1.0 | borde: ninguno
  retardo-conformado   coste   47563.5 | a_hi=0.83 a_lo=0.0 delta=6 gain=2.0 shift=-12 ws=0.15 zs=1.2 | borde: ['shift']
  reactivo             coste   56467.2 | a_hi=0.8 a_lo=0.6 | borde: ninguno
  retardo-puro         coste   50166.0 | a_hi=0.9 a_lo=0.3 delta=2 | borde: ninguno
  oraculo              coste   47511.2 | a_hi=0.9 a_lo=0.1 lead=8 | borde: ninguno

==============================================================================
EVALUACION CON 30 SEMILLAS (potencia)
==============================================================================

  mecanismo                 coste  vs reactivo  % del oraculo
  retardo-conformado      48840.8      +13.99%         101.3%
  oraculo                 48940.2      +13.82%         100.0%
  onda                    49192.1      +13.37%          96.8%
  retardo-puro            51222.7       +9.80%          70.9%
  reactivo                56786.0       +0.00%           0.0%

==============================================================================
CONTRASTES (30 semillas, pareados, Holm)
==============================================================================
  onda vs RIVAL IGUALADO (7 vs 7)              delta=  -351.28 t=  -0.56 p_holm=1.0000   gana retardo-conformado
  onda vs retardo puro (7 vs 3)                delta= +2030.64 t=  +1.91 p_holm=0.1962   gana onda
  conformar ayuda al rival?                    delta= +2381.92 t=  +5.45 p_holm=0.0000 * gana retardo-conformado
  cuanto le falta a la onda para el techo      delta=  +251.88 t=  +0.32 p_holm=1.0000   gana oraculo

==============================================================================
  LA ONDA NO SEPARA del rival igualado ni con 30 semillas. La lectura
  honesta es que el campo IGUALA al mejor filtro conformado -- que es lo que
  A17 obliga, porque un operador LTI no crea informacion -- y que su merito
  esta en generar con UN solo juego de parametros el nucleo correcto para
  todas las distancias, sin sintonizar salto a salto.
==============================================================================

escrito E:\ARTICULOS-CIENTIFICOS\NewMPC\code\results\transport_power.json
