==============================================================================
P0  CALIBRACION: buscar donde se cumplen las condiciones NECESARIAS
==============================================================================
  (no se busca que gane nadie: se busca que el banco no este vacio)

     amp  b_crit   pen    a*     coste*  %rot(a*)  %rot(a=0)  alto/const  cond.
    0.75    -2.5   5.0  0.20     2538.4      7.3%       9.2%        3.45  i23
    0.75    -2.5  15.0  0.30     3071.8      6.5%       9.2%        2.85  i23
    0.75    -3.5   5.0  0.10     2131.8      4.8%       6.4%        4.11  i23
    0.75    -3.5  15.0  0.15     2248.7      4.2%       6.4%        3.90  i23
    0.75    -4.5   5.0  0.05     2045.3      0.8%       1.4%        4.28  i23
    0.75    -4.5  15.0  0.05     2046.9      0.8%       1.4%        4.28  i23
    0.90    -2.5   5.0  0.40     6981.4      9.5%      12.0%        1.57  i23
    0.90    -2.5  15.0  0.65     9402.9      7.7%      12.0%        1.21  i23
    0.90    -3.5   5.0  0.30     5755.6      7.7%      10.6%        1.88  i23
    0.90    -3.5  15.0  0.45     7077.8      6.5%      10.6%        1.53  i23
    0.90    -4.5   5.0  0.20     5008.0      6.0%       7.7%        2.15  i23
    0.90    -4.5  15.0  0.30     5577.8      4.9%       7.7%        1.93  i23
    1.05    -2.5   5.0  0.65    14999.4     11.3%      14.9%        1.10  i23
    1.05    -2.5  15.0  1.00    20876.2      8.9%      14.9%        1.00  -2-
    1.05    -3.5   5.0  0.50    12758.4     10.1%      13.7%        1.20  i23
    1.05    -3.5  15.0  0.85    16788.1      7.7%      13.7%        1.02  i23
    1.05    -4.5   5.0  0.40    11078.0      8.9%      11.3%        1.32  i23
    1.05    -4.5  15.0  0.65    13644.9      7.1%      11.3%        1.12  i23

  configuracion elegida: amp=1.05 b_crit=-2.5 pen=5.0  -> mejor constante a*=0.65, coste 14999.4

==============================================================================
P1  LA PRUEBA: coste frente a ANTELACION del gobernador clarividente
==============================================================================

  par (a_lo,a_hi) sintonizado CON lead=0: (0.55,0.80) coste 13935.22   [la antelacion no recibe sintonia regalada]
  prediccion pre-registrada de lead*: ~7.0 pasos

    lead       coste   vs lead=0   vs const   % rotura
       0    13935.22      +0.00%     +7.09%      11.3%
       1    13397.86      +3.86%    +10.68%      10.1%
       2    13295.47      +4.59%    +11.36%      10.1%
       3    13323.69      +4.39%    +11.17%      10.1%
       5    13475.57      +3.30%    +10.16%      10.1%
       7    13593.02      +2.46%     +9.38%      10.1%
      10    13683.10      +1.81%     +8.78%      10.1%
      14    13764.68      +1.22%     +8.23%      10.1%
      20    13890.19      +0.32%     +7.40%      10.1%
      28    14060.21      -0.90%     +6.26%      10.1%

  mejor antelacion: lead = 2 (+4.59% sobre el limite reactivo) | prediccion 7.0
  VEREDICTO P1: HAY VALOR EN LA ANTICIPACION -> VIABLE

==============================================================================
P2  CONTROL DE GRATUIDAD (C3): cargar SIEMPRE tiene que ser peor
==============================================================================

  peso alto SIEMPRE (a=0.80): 15307.03
  mejor constante     (a=0.65): 14999.42
  C3 (la carga preventiva CUESTA): SI

==============================================================================
P3  ROBUSTEZ: 10 semillas, contraste pareado lead* frente a lead=0
==============================================================================

  lead=0 : media 14758.31
  lead=2 : media 14197.14
  mejora media +3.80%  |  t = +5.95  p = 2.16e-04  (9/10 semillas a favor)

==============================================================================
VEREDICTO GLOBAL: ARENA VIABLE. Las tres condiciones se cumplen y la
anticipacion compra coste real. Procede la pregunta del MECANISMO:
onda contra difusion contra LINEA DE RETARDO PURA SINTONIZADA.
==============================================================================

escrito E:\ARTICULOS-CIENTIFICOS\NewMPC\code\results\transport_viability2.json
